// Jest Snapshot v1, https://goo.gl/fbAQLP

exports[`Button renders correctly snapshot 1`] = `
<button
  className=""
/>
`;
