// Jest Snapshot v1, https://goo.gl/fbAQLP

exports[`Input renders correctly snapshot 1`] = `
Array [
  <input
    className=""
    name="input"
    type="text"
  />,
  " ",
]
`;
